[bettingrajagroup.site/index.html]
[backblue.gif]
[fade.gif]
[index.html]
[connect.facebook.net/en_US/fbevents.js]
[cdnjs.cloudflare.com/ajax/libs/bootstrap/5.3.0/css/bootstrap.min.css]
[bettingrajagroup.site/background.jpg]
[bettingrajagroup.site/back.jpg]
[bettingrajagroup.site/image1.webp]
[bettingrajagroup.site/image2.webp]
[bettingrajagroup.site/imagegallery.html]
[bettingrajagroup.site/index.html]
[cdnjs.cloudflare.com/ajax/libs/bootstrap/5.3.0/js/bootstrap.bundle.min.js]
[connect.facebook.net/en_US/fbevents.js]
[cdnjs.cloudflare.com/ajax/libs/bootstrap/5.3.0/css/bootstrap.min.css]
[bettingrajagroup.site/uploads/image1.webp]
[bettingrajagroup.site/uploads/image2.webp]
[bettingrajagroup.site/uploads/image3.webp]
[bettingrajagroup.site/uploads/image4.webp]
[bettingrajagroup.site/uploads/WhatsApp Image 2024-11-14 at 10.36.28 AM.jpg]
[bettingrajagroup.site/imagegallery.html]
[bettingrajagroup.site/a.html]
[bettingrajagroup.site/POST.html]
[bettingrajagroup.site/schema.org/index.html]
[bettingrajagroup.site/b.html]
[bettingrajagroup.site/signals/iwl.html]
